C:\Users\arnau\OneDrive\Escritorio\bot-whatsapp\Documentos\NetBeansProjects\TodoExample\src\main\java\com\mycompany\todoexample\dao\TaskDao.java
C:\Users\arnau\OneDrive\Escritorio\bot-whatsapp\Documentos\NetBeansProjects\TodoExample\src\main\java\com\mycompany\todoexample\JakartaRestConfiguration.java
C:\Users\arnau\OneDrive\Escritorio\bot-whatsapp\Documentos\NetBeansProjects\TodoExample\src\main\java\com\mycompany\todoexample\controller\TaskServlet.java
C:\Users\arnau\OneDrive\Escritorio\bot-whatsapp\Documentos\NetBeansProjects\TodoExample\src\main\java\com\mycompany\todoexample\dao\UserDao.java
C:\Users\arnau\OneDrive\Escritorio\bot-whatsapp\Documentos\NetBeansProjects\TodoExample\src\main\java\com\mycompany\todoexample\controller\UserServlet.java
C:\Users\arnau\OneDrive\Escritorio\bot-whatsapp\Documentos\NetBeansProjects\TodoExample\src\main\java\com\mycompany\todoexample\model\User.java
C:\Users\arnau\OneDrive\Escritorio\bot-whatsapp\Documentos\NetBeansProjects\TodoExample\src\main\java\com\mycompany\todoexample\exception\service\exception\TodoException.java
C:\Users\arnau\OneDrive\Escritorio\bot-whatsapp\Documentos\NetBeansProjects\TodoExample\src\main\java\com\mycompany\todoexample\model\Task.java
C:\Users\arnau\OneDrive\Escritorio\bot-whatsapp\Documentos\NetBeansProjects\TodoExample\src\main\java\com\mycompany\todoexample\service\TodoService.java
